<h1>index</h1>

<ul>
  <li>5f80a36f5be511b1fc7afb87</li>
  <li>0</li>
  <li>0bc2e2bc-69f5-4fa4-9d05-3167ed5e33f2</li>
  <li>false</li>
  <li>$1,307.93</li>
  <li>http://placehold.it/32x32</li>
  <li>28</li>
  <li>blue</li>
  <li>Blankenship Schneider</li>
  <li>male</li>
  <li>EXOVENT</li>
  <li>blankenshipschneider@exovent.com</li>
  <li>+1 (885) 459-3832</li>
  <li>420 Farragut Place, Brazos, Kentucky, 2848</li>
  <li>Ex sit proident velit ut enim dolore. Tempor proident aliqua fugiat tempor excepteur magna anim elit.</li>
  <li>2014-06-12T05:37:51 +03:00</li>
  <li>-71.554141</li>
  <li>-73.693833</li>
</ul>