<section>
  <h1>Contact</h1>
  <div>
  <h2>Bar</h2>
  <p>
    <a href="callto:+123456">+123456</a>
    <br>
    <a href="mailto:email@company.com">email@company.com</a>
  </p>
</div>

</section>
